<p>Have you ever wanted to parse org content with Go? Well now you can!</p>

<p>It doesn't matter if you want to use <em>an emphasis</em>, <strong>bold</strong>, <code>verbatim</code>, <code>code</code> or <del>strikethrough</del>, they're all supported!</p>

<p>If you're curious what else it supports, you're in luck, you can find it all <a href="https://github.com/chaseadamsio/goorgeous" title="here (did I mention plain links work?)">here (did I mention plain links work?)</a>!</p>

<h1 id="headline-1">Headline 1</h1>

<h2 id="headline-2">Headline 2</h2>

<h3 id="headline-3">Headline 3</h3>

<h4 id="headline-4">Headline 4</h4>

<h5 id="headline-5">Headline 5</h5>

<h6 id="headline-6">Headline 6</h6>

<h1 id="headline-1-1"><span class="todo TODO">TODO</span> Headline 1</h1>

<h1 id="headline-1-2"><span class="todo DONE">DONE</span> Headline 1</h1>

<h2 id="headline-2-1"><span class="todo TODO">TODO</span> Headline 2</h2>

<h2 id="headline-2-2"><span class="todo DONE">DONE</span> Headline 2</h2>

<h3 id="headline-3-1"><span class="todo TODO">TODO</span> Headline 3</h3>

<h3 id="headline-3-2"><span class="todo DONE">DONE</span> Headline 3</h3>

<h4 id="headline-4-1"><span class="todo TODO">TODO</span> Headline 4</h4>

<h4 id="headline-4-2"><span class="todo DONE">DONE</span> Headline 4</h4>

<h5 id="headline-5-1"><span class="todo TODO">TODO</span> Headline 5</h5>

<h5 id="headline-5-2"><span class="todo DONE">DONE</span> Headline 5</h5>

<h6 id="headline-6-1"><span class="todo TODO">TODO</span> Headline 6</h6>

<h6 id="headline-6-2"><span class="todo DONE">DONE</span> Headline 6</h6>

<h1 id="headline-1-3"><span class="priority A">[A]</span> Headline 1</h1>

<h2 id="headline-2-3"><span class="priority A">[A]</span> Headline 2</h2>

<h3 id="headline-3-3"><span class="priority A">[A]</span> Headline 3</h3>

<h4 id="headline-4-3"><span class="priority A">[A]</span> Headline 4</h4>

<h5 id="headline-5-3"><span class="priority A">[A]</span> Headline 5</h5>

<h6 id="headline-6-3"><span class="priority A">[A]</span> Headline 6</h6>

<h1 id="headline-1-4"><span class="todo TODO">TODO</span> <span class="priority A">[A]</span> Headline 1</h1>

<h2 id="headline-2-4"><span class="todo TODO">TODO</span> <span class="priority A">[A]</span> Headline 2</h2>

<h3 id="headline-3-4"><span class="todo TODO">TODO</span> <span class="priority A">[A]</span> Headline 3</h3>

<h4 id="headline-4-4"><span class="todo TODO">TODO</span> <span class="priority A">[A]</span> Headline 4</h4>

<h5 id="headline-5-4"><span class="todo TODO">TODO</span> <span class="priority A">[A]</span> Headline 5</h5>

<h6 id="headline-6-4"><span class="todo TODO">TODO</span> <span class="priority A">[A]</span> Headline 6</h6>

<h1 id="headline-1-tags-are-supported">Headline 1  <span class="tags">tags</span>  <span class="tags">are</span>  <span class="tags">supported</span> </h1>

<h2 id="headline-2-tags-are-supported">Headline 2						  <span class="tags">tags</span>  <span class="tags">are</span>  <span class="tags">supported</span> </h2>

<h3 id="headline-3-tags-are-supported">Headline 3 						  <span class="tags">tags</span>  <span class="tags">are</span>  <span class="tags">supported</span> </h3>

<h4 id="headline-4-tags-are-supported">Headline 4						  <span class="tags">tags</span>  <span class="tags">are</span>  <span class="tags">supported</span> </h4>

<h5 id="headline-5-tags-are-supported">Headline 5 					  <span class="tags">tags</span>  <span class="tags">are</span>  <span class="tags">supported</span> </h5>

<h6 id="headline-6-tags-are-supported">Headline 6 					  <span class="tags">tags</span>  <span class="tags">are</span>  <span class="tags">supported</span> </h6>

<h1 id="headline-1-tags-are-supported-1"><span class="todo TODO">TODO</span> <span class="priority A">[A]</span> Headline 1  <span class="tags">tags</span>  <span class="tags">are</span>  <span class="tags">supported</span> </h1>

<h2 id="headline-2-tags-are-supported-1"><span class="todo TODO">TODO</span> <span class="priority A">[A]</span> Headline 2 					  <span class="tags">tags</span>  <span class="tags">are</span>  <span class="tags">supported</span> </h2>

<h3 id="headline-3-tags-are-supported-1"><span class="todo TODO">TODO</span> <span class="priority A">[A]</span>  Headline 3 				  <span class="tags">tags</span>  <span class="tags">are</span>  <span class="tags">supported</span> </h3>

<h4 id="headline-4-tags-are-supported-1"><span class="todo TODO">TODO</span> <span class="priority A">[A]</span>  Headline 4 				  <span class="tags">tags</span>  <span class="tags">are</span>  <span class="tags">supported</span> </h4>

<h5 id="headline-5-tags-are-supported-1"><span class="todo TODO">TODO</span> <span class="priority A">[A]</span>  Headline 5				  <span class="tags">tags</span>  <span class="tags">are</span>  <span class="tags">supported</span> </h5>

<h6 id="headline-6-tags-are-supported-1"><span class="todo TODO">TODO</span> <span class="priority A">[A]</span>  Headline 6				  <span class="tags">tags</span>  <span class="tags">are</span>  <span class="tags">supported</span> </h6>

<ul><li>unordered </li>
<li>lists</li>
<li>are</li>
<li>supported.</li>
</ul>

<ol><li>ordered </li>
<li>lists</li>
<li>are</li>
<li>supported.</li>
</ol>

<table>
<thead>
<tr>
<th> tables     </th>
<th> with     </th>
<th> headers    </th>
<th> are      </th>
<th> supported       </th>
</tr>
</thead>
<tbody>
<tr>
<td> cell 1:1   </td>
<td> cell 1:2 </td>
<td> cell 1:3   </td>
<td> cell 1:4 </td>
<td> cell 1:5        </td>
</tr>

<tr>
<td> <em>emphasis</em> </td>
<td> <strong>bold</strong>   </td>
<td> <code>verbatim</code> </td>
<td> <code>code</code>   </td>
<td> <del>strikethrough</del> </td>
</tr>
</tbody>
</table>

<table>
<tbody>
<tr>
<td> tables     </td>
<td> without  </td>
<td> headers    </td>
<td> are      </td>
<td> supported       </td>
</tr>

<tr>
<td> cell 1:1   </td>
<td> cell 1:2 </td>
<td> cell 1:3   </td>
<td> cell 1:4 </td>
<td> cell 1:5        </td>
</tr>

<tr>
<td> <em>emphasis</em> </td>
<td> <strong>bold</strong>   </td>
<td> <code>verbatim</code> </td>
<td> <code>code</code>   </td>
<td> <del>strikethrough</del> </td>
</tr>
</tbody>
</table>

<pre><code class="language-sh">  echo &quot;source blocks are supported...&quot;
  echo &quot;and language is extracted from the language defined in the source block.&quot;
</code></pre>

<blockquote>
“Org mode is for keeping notes, maintaining TODO lists, planning projects, and authoring documents with a fast and effective plain-text system.”
- <a href="http://orgmode.org" title="http://orgmode.org">http://orgmode.org</a>
</blockquote>
<center>
This is a centered block.
</center>
